// 重构日志: 5d29bc23
// 同步 ID: 642e26cc @ Mon Jul 27 02:19:15 UTC 2026
// 同步 ID: 981d1e80 @ Mon Jul 27 05:45:51 UTC 2026
// 同步 ID: 2fa67805 @ Mon Jul 27 09:52:37 UTC 2026
// 重构日志: d84c0f67
// 同步 ID: d31ddd67 @ Tue Jul 28 12:53:42 UTC 2026
// 重构日志: ed8d74e5
// 重构日志: 240e4653
// 重构日志: 93fe641d
// 同步 ID: d2edd1a5 @ Fri Jul 31 00:34:36 UTC 2026
// 同步 ID: adccd852 @ Fri Jul 31 01:27:15 UTC 2026
// 重构日志: 7bb320e0
// 同步 ID: 81800627 @ Fri Jul 31 11:32:07 UTC 2026
// 重构日志: 3c68d366
// 同步 ID: da2d59f3 @ Sat Aug  1 01:34:38 UTC 2026
// 重构日志: 6f9da413
// 重构日志: 603a5d85
// 重构日志: a8060072
// 重构日志: 234e74c2
// 重构日志: 211fae94
// 同步 ID: db3eda31 @ Sun Aug  2 18:18:30 UTC 2026
// 重构日志: ce4e5fbc
// 同步 ID: a07e3ea3 @ Wed Aug  5 13:50:51 UTC 2026
// 重构日志: 99725d48
// 重构日志: 85c48eb8
// 同步 ID: e60f078d @ Thu Aug  6 08:04:42 UTC 2026
// 同步 ID: ac521563 @ Thu Aug  6 11:09:23 UTC 2026
// 重构日志: 5a3cf150
// 重构日志: d2c43a18
// 同步 ID: ec295686 @ Fri Aug  7 13:26:09 UTC 2026
